<html>
<body>
<pre>
<h1>µVision Build Log</h1>
<h2>Project:</h2>
C:\Users\Administrator\Documents\PPSW\PROGRAM Obowi¹zkowy\Dekodowanie\dekodowanie.uvproj
Project File Date:  05/06/2026

<h2>Output:</h2>
Rebuild target 'Target 1'
assembling Startup.s...
compiling main.c...
compiling konwersje.c...
compiling lancuchy.c...
linking...
Program Size: Code=1588 RO-data=32 RW-data=64 ZI-data=1280  
".\dekodowanie.axf" - 0 Errors, 0 Warning(s).
Rebuild target 'Target 1'
assembling Startup.s...
compiling main.c...
compiling konwersje.c...
compiling lancuchy.c...
linking...
Program Size: Code=1604 RO-data=32 RW-data=64 ZI-data=1280  
".\dekodowanie.axf" - 0 Errors, 0 Warning(s).
