<html>
<body>
<pre>
<h1>µVision Build Log</h1>
<h2>Project:</h2>
C:\Users\Piotrek\Documents\PPSW\CURRENT\Nowak_gpio.uvproj
Project File Date:  05/19/2026

<h2>Output:</h2>
Rebuild target 'Target 1'
assembling Startup.s...
compiling main.c...
compiling led.c...
compiling keyboard.c...
linking...
Program Size: Code=1372 RO-data=32 RW-data=8 ZI-data=1256  
FromELF: creating hex file...
".\Nowak_gpio.axf" - 0 Errors, 0 Warning(s).
Rebuild target 'Target 1'
assembling Startup.s...
compiling main.c...
compiling led.c...
compiling keyboard.c...
linking...
Program Size: Code=1372 RO-data=32 RW-data=8 ZI-data=1256  
FromELF: creating hex file...
".\Nowak_gpio.axf" - 0 Errors, 0 Warning(s).
