<html>
<body>
<pre>
<h1>µVision Build Log</h1>
<h2>Project:</h2>
C:\Users\Piotrek\Documents\PPSW\CURRENT\Nowak_gpio.uvproj
Project File Date:  05/26/2026

<h2>Output:</h2>
Rebuild target 'Target 1'
assembling Startup.s...
compiling main.c...
compiling timer.c...
compiling led.c...
linking...
Program Size: Code=1212 RO-data=32 RW-data=8 ZI-data=1256  
FromELF: creating hex file...
".\Nowak_gpio.axf" - 0 Errors, 0 Warning(s).
compiling timer_interrupts.c...
timer_interrupts.c(48): warning:  #1-D: last line of file ends without a newline
"timer_interrupts.c" - 0 Errors, 1 Warning(s).
Rebuild target 'Target 1'
assembling Startup.s...
compiling main.c...
main.c(4): warning:  #223-D: function "LedInit" declared implicitly
main.c(6): warning:  #223-D: function "Timer0Interrupts_Init" declared implicitly
main.c(6): error:  #20: identifier "LedStepLeft" is undefined
compiling timer.c...
compiling led.c...
compiling timer_interrupts.c...
".\Nowak_gpio.axf" - 1 Errors, 2 Warning(s).
Target not created
compiling timer_interrupts.c...
"timer_interrupts.c" - 0 Errors, 0 Warning(s).
Rebuild target 'Target 1'
assembling Startup.s...
compiling main.c...
compiling timer.c...
compiling led.c...
compiling timer_interrupts.c...
linking...
Program Size: Code=1212 RO-data=32 RW-data=8 ZI-data=1256  
FromELF: creating hex file...
".\Nowak_gpio.axf" - 0 Errors, 0 Warning(s).
Rebuild target 'Target 1'
assembling Startup.s...
compiling main.c...
compiling timer.c...
compiling led.c...
compiling timer_interrupts.c...
linking...
Program Size: Code=1212 RO-data=32 RW-data=8 ZI-data=1256  
FromELF: creating hex file...
".\Nowak_gpio.axf" - 0 Errors, 0 Warning(s).
Clean started: Project: 'Nowak_gpio'
   deleting intermediate output files for target 'Target 1'
