<html>
<body>
<pre>
<h1>µVision Build Log</h1>
<h2>Project:</h2>
C:\Users\Administrator\Documents\PPSW\PROGRAM Obowi¹zkowy\konwersje.uvproj
Project File Date:  04/14/2026

<h2>Output:</h2>
Rebuild target 'Target 1'
assembling Startup.s...
compiling main.c...
linking...
Program Size: Code=1084 RO-data=32 RW-data=20 ZI-data=1260  
".\konwersje.axf" - 0 Errors, 0 Warning(s).
Rebuild target 'Target 1'
assembling Startup.s...
compiling main.c...
linking...
Program Size: Code=1076 RO-data=32 RW-data=20 ZI-data=1260  
".\konwersje.axf" - 0 Errors, 0 Warning(s).
Rebuild target 'Target 1'
assembling Startup.s...
compiling main.c...
linking...
Program Size: Code=1084 RO-data=32 RW-data=20 ZI-data=1260  
".\konwersje.axf" - 0 Errors, 0 Warning(s).
