<html>
<body>
<pre>
<h1>µVision Build Log</h1>
<h2>Project:</h2>
C:\Users\Piotrek\Documents\PPSW\CURRENT\Nowak_gpio.uvproj
Project File Date:  05/19/2026

<h2>Output:</h2>
Rebuild target 'Target 1'
assembling Startup.s...
compiling main.c...
compiling timer.c...
linking...
Program Size: Code=1392 RO-data=32 RW-data=8 ZI-data=1256  
FromELF: creating hex file...
".\Nowak_gpio.axf" - 0 Errors, 0 Warning(s).
Rebuild target 'Target 1'
assembling Startup.s...
compiling main.c...
main.c(24): warning:  #223-D: function "Led_StepRight" declared implicitly
main.c(54): warning:  #1-D: last line of file ends without a newline
compiling timer.c...
linking...
.\Nowak_gpio.axf: Error: L6218E: Undefined symbol Led_StepRight (referred from main.o).
".\Nowak_gpio.axf" - 1 Errors, 2 Warning(s).
Target not created
Rebuild target 'Target 1'
assembling Startup.s...
compiling main.c...
main.c(24): warning:  #223-D: function "Led_StepRight" declared implicitly
main.c(54): warning:  #1-D: last line of file ends without a newline
compiling timer.c...
compiling led.c...
linking...
.\Nowak_gpio.axf: Error: L6218E: Undefined symbol Led_StepRight (referred from main.o).
".\Nowak_gpio.axf" - 1 Errors, 2 Warning(s).
Target not created
Rebuild target 'Target 1'
assembling Startup.s...
compiling main.c...
main.c(54): warning:  #1-D: last line of file ends without a newline
compiling timer.c...
compiling led.c...
linking...
Program Size: Code=1180 RO-data=32 RW-data=4 ZI-data=1260  
FromELF: creating hex file...
".\Nowak_gpio.axf" - 0 Errors, 1 Warning(s).
Rebuild target 'Target 1'
assembling Startup.s...
compiling main.c...
compiling timer.c...
compiling led.c...
linking...
Program Size: Code=1180 RO-data=32 RW-data=4 ZI-data=1260  
FromELF: creating hex file...
".\Nowak_gpio.axf" - 0 Errors, 0 Warning(s).
Clean started: Project: 'Nowak_gpio'
   deleting intermediate output files for target 'Target 1'
