<html>
<body>
<pre>
<h1>µVision Build Log</h1>
<h2>Project:</h2>
C:\Users\Administrator\Documents\PPSW\ARCHIVE\AUTOMATY\6.6\Nowak_gpio.uvproj
Project File Date:  05/20/2026

<h2>Output:</h2>
Rebuild target 'Target 1'
assembling Startup.s...
compiling main.c...
compiling led.c...
compiling keyboard.c...
linking...
Program Size: Code=1448 RO-data=32 RW-data=8 ZI-data=1256  
FromELF: creating hex file...
".\Nowak_gpio.axf" - 0 Errors, 0 Warning(s).
Rebuild target 'Target 1'
assembling Startup.s...
compiling main.c...
compiling led.c...
compiling keyboard.c...
linking...
Program Size: Code=1448 RO-data=32 RW-data=8 ZI-data=1256  
FromELF: creating hex file...
".\Nowak_gpio.axf" - 0 Errors, 0 Warning(s).
Rebuild target 'Target 1'
assembling Startup.s...
compiling main.c...
main.c(54): error:  #20: identifier "ucPulseCounter" is undefined
main.c(16): warning:  #177-D: variable "ucPluseCounter" was declared but never referenced
compiling led.c...
compiling keyboard.c...
".\Nowak_gpio.axf" - 1 Errors, 1 Warning(s).
Target not created
Rebuild target 'Target 1'
assembling Startup.s...
compiling main.c...
compiling led.c...
compiling keyboard.c...
linking...
Program Size: Code=1572 RO-data=32 RW-data=8 ZI-data=1256  
FromELF: creating hex file...
".\Nowak_gpio.axf" - 0 Errors, 0 Warning(s).
Rebuild target 'Target 1'
assembling Startup.s...
compiling main.c...
compiling led.c...
compiling keyboard.c...
linking...
Program Size: Code=1552 RO-data=32 RW-data=8 ZI-data=1256  
FromELF: creating hex file...
".\Nowak_gpio.axf" - 0 Errors, 0 Warning(s).
Rebuild target 'Target 1'
assembling Startup.s...
compiling main.c...
compiling led.c...
compiling keyboard.c...
linking...
Program Size: Code=1552 RO-data=32 RW-data=8 ZI-data=1256  
FromELF: creating hex file...
".\Nowak_gpio.axf" - 0 Errors, 0 Warning(s).
Rebuild target 'Target 1'
assembling Startup.s...
compiling main.c...
compiling led.c...
compiling keyboard.c...
linking...
Program Size: Code=1600 RO-data=32 RW-data=8 ZI-data=1256  
FromELF: creating hex file...
".\Nowak_gpio.axf" - 0 Errors, 0 Warning(s).
Rebuild target 'Target 1'
assembling Startup.s...
compiling main.c...
compiling led.c...
compiling keyboard.c...
linking...
Program Size: Code=1596 RO-data=32 RW-data=8 ZI-data=1256  
FromELF: creating hex file...
".\Nowak_gpio.axf" - 0 Errors, 0 Warning(s).
Build target 'Target 1'
compiling main.c...
linking...
Program Size: Code=1596 RO-data=32 RW-data=8 ZI-data=1256  
FromELF: creating hex file...
".\Nowak_gpio.axf" - 0 Errors, 0 Warning(s).
Rebuild target 'Target 1'
assembling Startup.s...
compiling main.c...
compiling led.c...
compiling keyboard.c...
linking...
Program Size: Code=1600 RO-data=32 RW-data=8 ZI-data=1256  
FromELF: creating hex file...
".\Nowak_gpio.axf" - 0 Errors, 0 Warning(s).
Rebuild target 'Target 1'
assembling Startup.s...
compiling main.c...
compiling led.c...
compiling keyboard.c...
linking...
.\Nowak_gpio.axf: Error: L6200E: Symbol ucLedIndeks multiply defined (by led.o and main.o).
".\Nowak_gpio.axf" - 1 Errors, 0 Warning(s).
Target not created
Rebuild target 'Target 1'
assembling Startup.s...
compiling main.c...
compiling led.c...
compiling keyboard.c...
linking...
.\Nowak_gpio.axf: Error: L6200E: Symbol ucLedIndeks multiply defined (by led.o and main.o).
".\Nowak_gpio.axf" - 1 Errors, 0 Warning(s).
Target not created
Rebuild target 'Target 1'
assembling Startup.s...
compiling main.c...
compiling led.c...
compiling keyboard.c...
linking...
.\Nowak_gpio.axf: Error: L6200E: Symbol ucLedIndeks multiply defined (by led.o and main.o).
".\Nowak_gpio.axf" - 1 Errors, 0 Warning(s).
Target not created
Rebuild target 'Target 1'
assembling Startup.s...
compiling main.c...
compiling led.c...
compiling keyboard.c...
linking...
Program Size: Code=1600 RO-data=32 RW-data=8 ZI-data=1256  
FromELF: creating hex file...
".\Nowak_gpio.axf" - 0 Errors, 0 Warning(s).
Rebuild target 'Target 1'
assembling Startup.s...
compiling main.c...
compiling led.c...
compiling keyboard.c...
linking...
Program Size: Code=1600 RO-data=32 RW-data=8 ZI-data=1256  
FromELF: creating hex file...
".\Nowak_gpio.axf" - 0 Errors, 0 Warning(s).
